[imperiaskygardennminhkhai.vn/index.html]
[backblue.gif]
[fade.gif]
[index.html]
[imperiaskygardennminhkhai.vn/wp-content/themes/enfold/css/grid77ae.css]
[imperiaskygardennminhkhai.vn/wp-content/themes/enfold/css/base77ae.css]
[imperiaskygardennminhkhai.vn/comments/feed/index.html]
[imperiaskygardennminhkhai.vn/feed/index.html]
[imperiaskygardennminhkhai.vn/wp-content/themes/enfold/css/layout77ae.css]
[imperiaskygardennminhkhai.vn/sample-page/feed/index.html]
[imperiaskygardennminhkhai.vn/wp-content/themes/enfold/css/shortcodes77ae.css]
[imperiaskygardennminhkhai.vn/wp-content/themes/enfold/js/aviapopup/magnific-popup68b3.css]
[imperiaskygardennminhkhai.vn/wp-content/themes/enfold/js/mediaelement/skin-1/mediaelementplayer68b3.css]
[imperiaskygardennminhkhai.vn/wp-content/themes/enfold/css/print68b3.css]
[imperiaskygardennminhkhai.vn/wp-content/uploads/dynamic_avia/enfoldf8c0.css]
[imperiaskygardennminhkhai.vn/wp-content/themes/enfold/css/custom77ae.css]
[imperiaskygardennminhkhai.vn/wp-content/themes/enfold/config-layerslider/LayerSlider/static/css/layerslider76f9.css]
[imperiaskygardennminhkhai.vn/wp-includes/js/jquery/jqueryb8ff.js]
[imperiaskygardennminhkhai.vn/wp-includes/js/jquery/jquery-migrate.min330a.js]
[imperiaskygardennminhkhai.vn/wp-content/themes/enfold/js/avia-compat77ae.js]
[imperiaskygardennminhkhai.vn/wp-includes/js/mediaelement/mediaelement-and-player.min45a0.js]
[imperiaskygardennminhkhai.vn/wp-includes/js/mediaelement/mediaelement-migrate.minc8f9.js]
[imperiaskygardennminhkhai.vn/wp-content/themes/enfold/config-layerslider/LayerSlider/static/js/greensockcd11.js]
[imperiaskygardennminhkhai.vn/wp-content/themes/enfold/config-layerslider/LayerSlider/static/js/layerslider.kreaturamedia.jquery76f9.js]
[imperiaskygardennminhkhai.vn/wp-content/themes/enfold/config-layerslider/LayerSlider/static/js/layerslider.transitions76f9.js]
[imperiaskygardennminhkhai.vn/xmlrpc0db0.php]
[imperiaskygardennminhkhai.vn/wp-json/index.html]
[imperiaskygardennminhkhai.vn/wp-includes/wlwmanifest.xml]
[imperiaskygardennminhkhai.vn/wp-json/oembed/1.0/embed6566.json]
[imperiaskygardennminhkhai.vn/wp-json/oembed/1.0/embede978]
[imperiaskygardennminhkhai.vn/xmlrpc.php]
[imperiaskygardennminhkhai.vn/wp-content/uploads/2018/07/logo-smal.png]
[imperiaskygardennminhkhai.vn/wp-content/themes/enfold/config-templatebuilder/avia-template-builder/assets/fonts/entypo-fontello30f4.eot]
[imperiaskygardennminhkhai.vn/wp-content/themes/enfold/config-templatebuilder/avia-template-builder/assets/fonts/entypo-fontello30f4.woff]
[imperiaskygardennminhkhai.vn/wp-content/themes/enfold/config-templatebuilder/avia-template-builder/assets/fonts/entypo-fontello30f4.ttf]
[imperiaskygardennminhkhai.vn/wp-content/uploads/2018/07/isg-logo.png]
[imperiaskygardennminhkhai.vn/mat-bang/index.html]
[imperiaskygardennminhkhai.vn/can-ho-mau/index.html]
[imperiaskygardennminhkhai.vn/chinh-sach-ban-hang/index.html]
[imperiaskygardennminhkhai.vn/vi-tri/index.html]
[imperiaskygardennminhkhai.vn/wp-content/uploads/2018/07/banner-imperia-sky-garden.jpg]
[imperiaskygardennminhkhai.vn/wp-content/uploads/2018/07/banner02.jpg]
[imperiaskygardennminhkhai.vn/wp-content/uploads/2018/11/hinh-anh-phoi-canh-imperia-sky-garden-minh-khai-1.jpg]
[imperiaskygardennminhkhai.vn/tien-ich/index.html]
[imperiaskygardennminhkhai.vn/wp-content/uploads/2018/07/vi-tri-chung-cu-imperia-sky-garden.png]
[imperiaskygardennminhkhai.vn/wp-content/uploads/2018/07/anh-tien-ich-isg-06.jpg]
[imperiaskygardennminhkhai.vn/wp-content/uploads/2018/07/anh-tien-ich-isg-06-705x409.jpg]
[imperiaskygardennminhkhai.vn/wp-content/uploads/2018/07/anh-tien-ich-isg-05-705x409.jpg]
[imperiaskygardennminhkhai.vn/wp-content/uploads/2018/07/anh-tien-ich-isg-04.jpg]
[imperiaskygardennminhkhai.vn/wp-content/uploads/2018/07/anh-tien-ich-isg-04-705x409.jpg]
[imperiaskygardennminhkhai.vn/wp-content/uploads/2018/07/anh-tien-ich-isg-02.jpg]
[imperiaskygardennminhkhai.vn/wp-content/uploads/2018/07/anh-tien-ich-isg-02-705x409.jpg]
[imperiaskygardennminhkhai.vn/wp-content/uploads/2018/07/anh-tien-ich-isg-01.jpg]
[imperiaskygardennminhkhai.vn/wp-content/uploads/2018/07/anh-tien-ich-isg-01-705x409.jpg]
[imperiaskygardennminhkhai.vn/wp-content/uploads/2018/07/anh-tien-ich-isg-03-705x409.jpg]
[imperiaskygardennminhkhai.vn/wp-content/uploads/2018/11/p-khach.jpg]
[imperiaskygardennminhkhai.vn/wp-content/uploads/2018/11/p-khach-705x470.jpg]
[imperiaskygardennminhkhai.vn/wp-content/uploads/2018/11/master.jpg]
[imperiaskygardennminhkhai.vn/wp-content/uploads/2018/11/master-705x470.jpg]
[imperiaskygardennminhkhai.vn/wp-content/uploads/2018/11/phòng-ăn.jpg]
[imperiaskygardennminhkhai.vn/wp-content/uploads/2018/11/phòng-ăn-705x470.jpg]
[imperiaskygardennminhkhai.vn/wp-content/uploads/2018/11/phòng-khách.jpg]
[imperiaskygardennminhkhai.vn/wp-content/uploads/2018/11/phòng-khách-705x470.jpg]
[imperiaskygardennminhkhai.vn/wp-content/uploads/2018/11/phòng-tắm-705x470.jpg]
[imperiaskygardennminhkhai.vn/wp-content/uploads/2018/11/phòng-thu-nhỏ.jpg]
[imperiaskygardennminhkhai.vn/wp-content/uploads/2018/11/phòng-thu-nhỏ-705x470.jpg]
[imperiaskygardennminhkhai.vn/wp-content/uploads/2018/11/vi-tri-icon.png]
[imperiaskygardennminhkhai.vn/wp-content/uploads/2018/11/sinh-thai-icon.png]
[imperiaskygardennminhkhai.vn/wp-content/uploads/2018/11/yen-tinh-icon.png]
[imperiaskygardennminhkhai.vn/wp-content/uploads/2018/11/n11.png]
[imperiaskygardennminhkhai.vn/wp-content/themes/enfold/framework/index.html]
[imperiaskygardennminhkhai.vn/wp-content/themes/enfold/js/avia592e.js]
[imperiaskygardennminhkhai.vn/wp-content/themes/enfold/js/aviapopup/jquery.magnific-popup.min77ae.js]
[imperiaskygardennminhkhai.vn/wp-includes/js/mediaelement/wp-mediaelement.minc8f9.js]
[imperiaskygardennminhkhai.vn/wp-content/themes/enfold/js/shortcodes592e.js]
[imperiaskygardennminhkhai.vn/wp-includes/js/comment-reply.minc8f9.js]
[imperiaskygardennminhkhai.vn/index.html]
[imperiaskygardennminhkhai.vn/wp-content/themes/enfold/css/grid77ae.css]
[imperiaskygardennminhkhai.vn/wp-content/themes/enfold/css/base77ae.css]
[imperiaskygardennminhkhai.vn/wp-includes/js/wp-embed.minc8f9.js]
[imperiaskygardennminhkhai.vn/wp-content/themes/enfold/css/layout77ae.css]
[imperiaskygardennminhkhai.vn/wp-content/themes/enfold/images/layout/loading.gif]
[imperiaskygardennminhkhai.vn/wp-content/themes/enfold/images/layout/preload-dark-big.gif]
[imperiaskygardennminhkhai.vn/wp-content/themes/enfold/css/shortcodes77ae.css]
[imperiaskygardennminhkhai.vn/wp-content/themes/enfold/js/aviapopup/magnific-popup68b3.css]
[imperiaskygardennminhkhai.vn/wp-content/themes/enfold/images/layout/preload-dark-grey-big.gif]
[imperiaskygardennminhkhai.vn/wp-content/themes/enfold/js/mediaelement/skin-1/background.png]
[imperiaskygardennminhkhai.vn/wp-content/themes/enfold/js/mediaelement/skin-1/sep.png]
[imperiaskygardennminhkhai.vn/wp-content/themes/enfold/js/mediaelement/skin-1/mediaelementplayer68b3.css]
[imperiaskygardennminhkhai.vn/wp-content/themes/enfold/js/mediaelement/skin-1/controls.png]
[imperiaskygardennminhkhai.vn/wp-content/themes/enfold/css/print68b3.css]
[imperiaskygardennminhkhai.vn/wp-content/uploads/dynamic_avia/enfoldf8c0.css]
[imperiaskygardennminhkhai.vn/wp-content/themes/enfold/css/custom77ae.css]
[imperiaskygardennminhkhai.vn/wp-content/themes/enfold/config-layerslider/LayerSlider/static/css/blank.gif]
[imperiaskygardennminhkhai.vn/wp-content/themes/enfold/config-layerslider/LayerSlider/static/css/layerslider76f9.css]
[imperiaskygardennminhkhai.vn/xmlrpc.php]
[imperiaskygardennminhkhai.vn/wp-content/themes/enfold/config-templatebuilder/avia-template-builder/assets/fonts/entypo-fontello30f4.svg]
[imperiaskygardennminhkhai.vn/wp-json/oembed/1.0/embedff83.json]
[imperiaskygardennminhkhai.vn/mat-bang/index.html]
[imperiaskygardennminhkhai.vn/wp-json/oembed/1.0/embed899b]
[imperiaskygardennminhkhai.vn/wp-json/oembed/1.0/embed7d76.json]
[imperiaskygardennminhkhai.vn/wp-json/oembed/1.0/embed74d2]
[imperiaskygardennminhkhai.vn/can-ho-mau/index.html]
[imperiaskygardennminhkhai.vn/wp-json/oembed/1.0/embed41e6.json]
[imperiaskygardennminhkhai.vn/wp-json/oembed/1.0/embedd505]
[imperiaskygardennminhkhai.vn/chinh-sach-ban-hang/index.html]
[imperiaskygardennminhkhai.vn/wp-json/oembed/1.0/embed5d13.json]
[imperiaskygardennminhkhai.vn/wp-json/oembed/1.0/embed55f7]
[imperiaskygardennminhkhai.vn/vi-tri/index.html]
[imperiaskygardennminhkhai.vn/wp-json/oembed/1.0/embed5983.json]
[imperiaskygardennminhkhai.vn/wp-json/oembed/1.0/embede4ed]
[imperiaskygardennminhkhai.vn/tien-ich/index.html]
[imperiaskygardennminhkhai.vn/wp-content/uploads/2018/07/anh-tien-ich-isg-03.jpg]
[imperiaskygardennminhkhai.vn/wp-content/uploads/2018/07/anh-tien-ich-isg-05.jpg]
[imperiaskygardennminhkhai.vn/wp-content/uploads/2018/11/phòng-tắm.jpg]
[imperiaskygardennminhkhai.vn/wp-content/uploads/2018/11/cdt-icon.png]
[imperiaskygardennminhkhai.vn/wp-content/uploads/2018/11/tien-ich-icon.png]
[imperiaskygardennminhkhai.vn/wp-content/uploads/2018/11/mat-do-icon.png]
[imperiaskygardennminhkhai.vn/wp-content/uploads/2018/11/n15.png]
[imperiaskygardennminhkhai.vn/_autoindex/icons/blank.png]
[imperiaskygardennminhkhai.vn/_autoindex/icons/up.png]
[imperiaskygardennminhkhai.vn/_autoindex/icons/folder.png]
[imperiaskygardennminhkhai.vn/_autoindex/icons/html.png]
[imperiaskygardennminhkhai.vn/wp-content/themes/enfold/framework/index9a11.html]
[imperiaskygardennminhkhai.vn/wp-content/themes/enfold/framework/index.html]
[imperiaskygardennminhkhai.vn/wp-content/themes/enfold/framework/index2a60.html]
[imperiaskygardennminhkhai.vn/wp-content/themes/enfold/index.html]
[imperiaskygardennminhkhai.vn/wp-content/themes/enfold/framework/index3dd6.html]
[imperiaskygardennminhkhai.vn/wp-content/themes/enfold/framework/index0389.html]
[imperiaskygardennminhkhai.vn/wp-content/themes/enfold/framework/css/index.html]
[imperiaskygardennminhkhai.vn/wp-content/themes/enfold/config-templatebuilder/avia-template-builder/assets/fonts/entypo-fontello30f4.svg]
[imperiaskygardennminhkhai.vn/wp-content/themes/enfold/framework/images/index.html]
[imperiaskygardennminhkhai.vn/indexe2dc.html]
[imperiaskygardennminhkhai.vn/wp-content/themes/enfold/framework/js/index.html]
[imperiaskygardennminhkhai.vn/index36d4.html]
[imperiaskygardennminhkhai.vn/wp-content/themes/enfold/framework/php/index.html]
[imperiaskygardennminhkhai.vn/wp-admin/admin-ajax.php]
[imperiaskygardennminhkhai.vn/index6ffe.html]
[imperiaskygardennminhkhai.vn/index6213.html]
[imperiaskygardennminhkhai.vn/index3fbb.html]
[imperiaskygardennminhkhai.vn/wp-content/themes/enfold/framework/index9a11.html]
[imperiaskygardennminhkhai.vn/wp-content/themes/enfold/framework/index2a60.html]
[imperiaskygardennminhkhai.vn/wp-content/themes/enfold/framework/index3dd6.html]
[imperiaskygardennminhkhai.vn/wp-content/themes/enfold/framework/index0389.html]
[imperiaskygardennminhkhai.vn/wp-content/themes/enfold/framework/indexd4cd.html]
[imperiaskygardennminhkhai.vn/wp-content/themes/enfold/framework/index7dc1.html]
[imperiaskygardennminhkhai.vn/wp-content/themes/enfold/framework/index38f9.html]
[imperiaskygardennminhkhai.vn/wp-content/themes/enfold/framework/index350b.html]
[imperiaskygardennminhkhai.vn/wp-content/themes/enfold/framework/css/avia_admin.css]
[imperiaskygardennminhkhai.vn/wp-content/themes/enfold/framework/css/index3dd6.html]
[imperiaskygardennminhkhai.vn/wp-content/themes/enfold/framework/css/index9a11.html]
[imperiaskygardennminhkhai.vn/wp-content/themes/enfold/framework/css/index2a60.html]
[imperiaskygardennminhkhai.vn/wp-content/themes/enfold/framework/css/index0389.html]
[imperiaskygardennminhkhai.vn/wp-content/themes/enfold/framework/css/avia_colorpicker.css]
[imperiaskygardennminhkhai.vn/wp-content/themes/enfold/framework/css/conditional_load/index.html]
[imperiaskygardennminhkhai.vn/wp-content/themes/enfold/framework/css/avia_sidebar.css]
[imperiaskygardennminhkhai.vn/wp-content/themes/enfold/framework/css/index.html]
[imperiaskygardennminhkhai.vn/wp-content/themes/enfold/framework/images/index.html]
[imperiaskygardennminhkhai.vn/wp-content/themes/enfold/framework/images/index2a60.html]
[imperiaskygardennminhkhai.vn/wp-content/themes/enfold/framework/images/index9a11.html]
[imperiaskygardennminhkhai.vn/wp-content/themes/enfold/framework/images/index3dd6.html]
[imperiaskygardennminhkhai.vn/wp-content/themes/enfold/framework/images/index0389.html]
[imperiaskygardennminhkhai.vn/wp-content/themes/enfold/framework/js/avia_advanced_form_elements.js]
[imperiaskygardennminhkhai.vn/wp-content/themes/enfold/framework/images/colorpicker/index.html]
[imperiaskygardennminhkhai.vn/wp-content/themes/enfold/framework/images/layout/index.html]
[imperiaskygardennminhkhai.vn/wp-content/themes/enfold/framework/js/index9a11.html]
[imperiaskygardennminhkhai.vn/wp-content/themes/enfold/framework/images/icons/index.html]
[imperiaskygardennminhkhai.vn/wp-content/themes/enfold/framework/js/avia_colorpicker.js]
[imperiaskygardennminhkhai.vn/wp-content/themes/enfold/framework/js/index3dd6.html]
[imperiaskygardennminhkhai.vn/wp-content/themes/enfold/framework/js/index2a60.html]
[imperiaskygardennminhkhai.vn/wp-content/themes/enfold/framework/js/index0389.html]
[imperiaskygardennminhkhai.vn/wp-content/themes/enfold/framework/js/conditional_load/index.html]
[imperiaskygardennminhkhai.vn/wp-content/themes/enfold/framework/js/avia_dynamic_templates.js]
[imperiaskygardennminhkhai.vn/wp-content/themes/enfold/framework/js/avia_edit_dynamic_templtes.js]
[imperiaskygardennminhkhai.vn/wp-content/themes/enfold/framework/js/avia_media.js]
[imperiaskygardennminhkhai.vn/wp-content/themes/enfold/framework/js/avia_media_advanced.js]
[imperiaskygardennminhkhai.vn/wp-content/themes/enfold/framework/js/avia_media_wp35.js]
[imperiaskygardennminhkhai.vn/wp-content/themes/enfold/framework/js/avia_mega_menu.js]
[imperiaskygardennminhkhai.vn/wp-content/themes/enfold/framework/js/avia_option_pages.js]
[imperiaskygardennminhkhai.vn/wp-content/themes/enfold/framework/js/avia_sidebar.js]
[imperiaskygardennminhkhai.vn/wp-content/themes/enfold/framework/js/index.html]
[imperiaskygardennminhkhai.vn/wp-content/themes/enfold/framework/php/class-adminpages.html]
[imperiaskygardennminhkhai.vn/wp-content/themes/enfold/framework/php/index2a60.html]
[imperiaskygardennminhkhai.vn/wp-content/themes/enfold/framework/php/index9a11.html]
[imperiaskygardennminhkhai.vn/wp-content/themes/enfold/framework/php/index3dd6.html]
[imperiaskygardennminhkhai.vn/wp-content/themes/enfold/framework/php/index0389.html]
[imperiaskygardennminhkhai.vn/wp-content/themes/enfold/framework/php/wordpress-importer/index.html]
[imperiaskygardennminhkhai.vn/wp-content/themes/enfold/framework/php/auto-updates/index.html]
[imperiaskygardennminhkhai.vn/wp-content/themes/enfold/framework/php/avia_shortcodes/index.html]
[imperiaskygardennminhkhai.vn/wp-content/themes/enfold/framework/php/class-database-option-sets.html]
[imperiaskygardennminhkhai.vn/wp-content/themes/enfold/framework/php/class-form-generator.html]
[imperiaskygardennminhkhai.vn/wp-content/themes/enfold/framework/php/class-framework-widgets.html]
[imperiaskygardennminhkhai.vn/wp-content/themes/enfold/framework/php/class-htmlhelper.html]
[imperiaskygardennminhkhai.vn/wp-content/themes/enfold/framework/php/class-media.html]
[imperiaskygardennminhkhai.vn/wp-content/themes/enfold/framework/php/class-megamenu.html]
[imperiaskygardennminhkhai.vn/wp-content/themes/enfold/framework/php/class-metabox.html]
[imperiaskygardennminhkhai.vn/wp-content/themes/enfold/framework/php/class-queryfilter.html]
[imperiaskygardennminhkhai.vn/wp-content/themes/enfold/framework/php/class-sidebar-generator.html]
[imperiaskygardennminhkhai.vn/wp-content/themes/enfold/framework/php/class-style-generator.html]
[imperiaskygardennminhkhai.vn/wp-content/themes/enfold/framework/php/class-superobject.html]
[imperiaskygardennminhkhai.vn/wp-content/themes/enfold/framework/php/function-set-avia-ajax.html]
[imperiaskygardennminhkhai.vn/wp-content/themes/enfold/framework/php/function-set-avia-backend.html]
[imperiaskygardennminhkhai.vn/wp-content/themes/enfold/framework/php/function-set-avia-frontend.html]
[imperiaskygardennminhkhai.vn/wp-content/themes/enfold/framework/php/index.html]
[imperiaskygardennminhkhai.vn/wp-admin/admin-ajax.php]
[imperiaskygardennminhkhai.vn/wp-content/themes/enfold/framework/indexd4cd.html]
[imperiaskygardennminhkhai.vn/wp-content/themes/enfold/framework/index7dc1.html]
[imperiaskygardennminhkhai.vn/wp-content/themes/enfold/framework/index38f9.html]
[imperiaskygardennminhkhai.vn/wp-content/themes/enfold/framework/index350b.html]
[imperiaskygardennminhkhai.vn/wp-content/themes/enfold/framework/css/index9a11.html]
[imperiaskygardennminhkhai.vn/wp-content/themes/enfold/framework/css/index2a60.html]
[imperiaskygardennminhkhai.vn/wp-content/themes/enfold/framework/css/index3dd6.html]
[imperiaskygardennminhkhai.vn/wp-content/themes/enfold/framework/css/indexd4cd.html]
[imperiaskygardennminhkhai.vn/wp-content/themes/enfold/framework/css/index7dc1.html]
[imperiaskygardennminhkhai.vn/wp-content/themes/enfold/framework/css/index38f9.html]
[imperiaskygardennminhkhai.vn/wp-content/themes/enfold/framework/css/index0389.html]
[imperiaskygardennminhkhai.vn/wp-content/themes/enfold/framework/css/conditional_load/avia_admin_modern.css]
[imperiaskygardennminhkhai.vn/wp-content/themes/enfold/framework/css/index350b.html]
[imperiaskygardennminhkhai.vn/wp-content/themes/enfold/framework/css/conditional_load/index2a60.html]
[imperiaskygardennminhkhai.vn/wp-content/themes/enfold/framework/css/conditional_load/index9a11.html]
[imperiaskygardennminhkhai.vn/wp-content/themes/enfold/framework/css/conditional_load/index0389.html]
[imperiaskygardennminhkhai.vn/wp-content/themes/enfold/framework/css/conditional_load/index3dd6.html]
[imperiaskygardennminhkhai.vn/wp-content/themes/enfold/framework/css/conditional_load/avia_gallery_mode.css]
[imperiaskygardennminhkhai.vn/wp-content/themes/enfold/framework/css/conditional_load/index.html]
[imperiaskygardennminhkhai.vn/wp-content/themes/enfold/framework/images/layout/bg-bottom-shadow.png]
[imperiaskygardennminhkhai.vn/wp-content/themes/enfold/framework/images/icons/close.png]
[imperiaskygardennminhkhai.vn/wp-content/themes/enfold/framework/images/icons/add.png]
[imperiaskygardennminhkhai.vn/wp-content/themes/enfold/framework/images/icons/loading.gif]
[imperiaskygardennminhkhai.vn/wp-content/themes/enfold/framework/images/icons/loading_mini.gif]
[imperiaskygardennminhkhai.vn/wp-content/themes/enfold/framework/images/icons/success.png]
[imperiaskygardennminhkhai.vn/wp-content/themes/enfold/framework/images/icons/alert.png]
[imperiaskygardennminhkhai.vn/wp-content/themes/enfold/framework/images/layout/bg-button.png]
[imperiaskygardennminhkhai.vn/wp-content/themes/enfold/framework/images/layout/bg-style-wrap.png]
[imperiaskygardennminhkhai.vn/wp-content/themes/enfold/framework/images/layout/select.png]
[imperiaskygardennminhkhai.vn/wp-content/themes/enfold/framework/images/layout/bg.png]
[imperiaskygardennminhkhai.vn/wp-content/themes/enfold/framework/images/icons/bin_closed.png]
[imperiaskygardennminhkhai.vn/wp-content/themes/enfold/framework/images/layout/sort_arrow_down.png]
[imperiaskygardennminhkhai.vn/wp-content/themes/enfold/framework/php/avia_shortcodes/tinymce/img/icon.png]
[imperiaskygardennminhkhai.vn/wp-content/themes/enfold/framework/css/avia_admin.css]
[imperiaskygardennminhkhai.vn/wp-content/themes/enfold/framework/images/colorpicker/colorpicker_background.png]
[imperiaskygardennminhkhai.vn/wp-content/themes/enfold/framework/images/colorpicker/colorpicker_overlay.png]
[imperiaskygardennminhkhai.vn/wp-content/themes/enfold/framework/images/colorpicker/colorpicker_select.gif]
[imperiaskygardennminhkhai.vn/wp-content/themes/enfold/framework/images/colorpicker/colorpicker_hex.png]
[imperiaskygardennminhkhai.vn/wp-content/themes/enfold/framework/images/colorpicker/colorpicker_rgb_r.png]
[imperiaskygardennminhkhai.vn/wp-content/themes/enfold/framework/images/colorpicker/colorpicker_rgb_g.png]
[imperiaskygardennminhkhai.vn/wp-content/themes/enfold/framework/images/colorpicker/colorpicker_rgb_b.png]
[imperiaskygardennminhkhai.vn/wp-content/themes/enfold/framework/images/colorpicker/colorpicker_hsb_h.png]
[imperiaskygardennminhkhai.vn/wp-content/themes/enfold/framework/images/colorpicker/colorpicker_hsb_s.png]
[imperiaskygardennminhkhai.vn/wp-content/themes/enfold/framework/images/colorpicker/colorpicker_hsb_b.png]
[imperiaskygardennminhkhai.vn/wp-content/themes/enfold/framework/images/colorpicker/colorpicker_submit.png]
[imperiaskygardennminhkhai.vn/wp-content/themes/enfold/framework/images/colorpicker/select2.png]
[imperiaskygardennminhkhai.vn/wp-content/themes/enfold/framework/css/avia_colorpicker.css]
[imperiaskygardennminhkhai.vn/wp-content/themes/enfold/framework/images/icons/icon-trash.png]
[imperiaskygardennminhkhai.vn/wp-content/themes/enfold/framework/css/avia_sidebar.css]
[imperiaskygardennminhkhai.vn/wp-content/themes/enfold/framework/images/index9a11.html]
[imperiaskygardennminhkhai.vn/wp-content/themes/enfold/framework/images/index2a60.html]
[imperiaskygardennminhkhai.vn/wp-content/themes/enfold/framework/images/index3dd6.html]
[imperiaskygardennminhkhai.vn/wp-content/themes/enfold/framework/images/index0389.html]
[imperiaskygardennminhkhai.vn/wp-content/themes/enfold/framework/images/index7dc1.html]
[imperiaskygardennminhkhai.vn/wp-content/themes/enfold/framework/images/index38f9.html]
[imperiaskygardennminhkhai.vn/wp-content/themes/enfold/framework/images/index350b.html]
[imperiaskygardennminhkhai.vn/_autoindex/icons/image.png]
[imperiaskygardennminhkhai.vn/wp-content/themes/enfold/framework/images/colorpicker/index9a11.html]
[imperiaskygardennminhkhai.vn/wp-content/themes/enfold/framework/images/colorpicker/index0389.html]
[imperiaskygardennminhkhai.vn/wp-content/themes/enfold/framework/images/colorpicker/blank.gif]
[imperiaskygardennminhkhai.vn/wp-content/themes/enfold/framework/images/colorpicker/custom_hsb_b.png]
[imperiaskygardennminhkhai.vn/wp-content/themes/enfold/framework/images/colorpicker/custom_hsb_h.png]
[imperiaskygardennminhkhai.vn/wp-content/themes/enfold/framework/images/colorpicker/custom_hsb_s.png]
[imperiaskygardennminhkhai.vn/wp-content/themes/enfold/framework/images/colorpicker/custom_indic.gif]
[imperiaskygardennminhkhai.vn/wp-content/themes/enfold/framework/images/colorpicker/custom_rgb_b.png]
[imperiaskygardennminhkhai.vn/wp-content/themes/enfold/framework/images/colorpicker/custom_rgb_g.png]
[imperiaskygardennminhkhai.vn/wp-content/themes/enfold/framework/images/colorpicker/custom_submit.png]
[imperiaskygardennminhkhai.vn/wp-content/themes/enfold/framework/images/colorpicker/select.png]
[imperiaskygardennminhkhai.vn/wp-content/themes/enfold/framework/images/colorpicker/slider.png]
[imperiaskygardennminhkhai.vn/wp-content/themes/enfold/framework/images/colorpicker/index.html]
[imperiaskygardennminhkhai.vn/wp-content/themes/enfold/framework/images/icons/accept.png]
[imperiaskygardennminhkhai.vn/wp-content/themes/enfold/framework/images/icons/index9a11.html]
[imperiaskygardennminhkhai.vn/wp-content/themes/enfold/framework/images/icons/index3dd6.html]
[imperiaskygardennminhkhai.vn/wp-content/themes/enfold/framework/images/icons/index2a60.html]
[imperiaskygardennminhkhai.vn/wp-content/themes/enfold/framework/images/icons/index0389.html]
[imperiaskygardennminhkhai.vn/wp-content/themes/enfold/framework/images/icons/application_side_expand.png]
[imperiaskygardennminhkhai.vn/wp-content/themes/enfold/framework/images/icons/new/index.html]
[imperiaskygardennminhkhai.vn/wp-content/themes/enfold/framework/images/icons/blog.png]
[imperiaskygardennminhkhai.vn/wp-content/themes/enfold/framework/images/icons/blueprint_horizontal.png]
[imperiaskygardennminhkhai.vn/wp-content/themes/enfold/framework/images/icons/book_addresses.png]
[imperiaskygardennminhkhai.vn/wp-content/themes/enfold/framework/images/icons/brick.png]
[imperiaskygardennminhkhai.vn/wp-content/themes/enfold/framework/images/icons/cart.png]
[imperiaskygardennminhkhai.vn/wp-content/themes/enfold/framework/images/icons/cog.png]
[imperiaskygardennminhkhai.vn/wp-content/themes/enfold/framework/images/icons/doc_text_image.png]
[imperiaskygardennminhkhai.vn/wp-content/themes/enfold/framework/images/icons/error.png]
[imperiaskygardennminhkhai.vn/wp-content/themes/enfold/framework/images/icons/hammer_screwdriver.png]
[imperiaskygardennminhkhai.vn/wp-content/themes/enfold/framework/images/icons/images.png]
[imperiaskygardennminhkhai.vn/wp-content/themes/enfold/framework/images/icons/import_export.png]
[imperiaskygardennminhkhai.vn/wp-content/themes/enfold/framework/images/icons/layout_header_footer_3_mix.png]
[imperiaskygardennminhkhai.vn/wp-content/themes/enfold/framework/images/icons/layout_select.png]
[imperiaskygardennminhkhai.vn/wp-content/themes/enfold/framework/images/icons/layout_select_footer.png]
[imperiaskygardennminhkhai.vn/wp-content/themes/enfold/framework/images/icons/layout_select_sidebar.png]
[imperiaskygardennminhkhai.vn/wp-content/themes/enfold/framework/images/icons/map.png]
[imperiaskygardennminhkhai.vn/wp-content/themes/enfold/framework/images/icons/page_white_wrench.png]
[imperiaskygardennminhkhai.vn/wp-content/themes/enfold/framework/images/icons/paintbrush.png]
[imperiaskygardennminhkhai.vn/wp-content/themes/enfold/framework/images/icons/paintcan.png]
[imperiaskygardennminhkhai.vn/wp-content/themes/enfold/framework/images/icons/palette.png]
[imperiaskygardennminhkhai.vn/wp-content/themes/enfold/framework/images/icons/photo_album.png]
[imperiaskygardennminhkhai.vn/_autoindex/icons/text.png]
[imperiaskygardennminhkhai.vn/wp-content/themes/enfold/framework/images/icons/readme.txt]
[imperiaskygardennminhkhai.vn/wp-content/themes/enfold/framework/images/icons/search.png]
[imperiaskygardennminhkhai.vn/wp-content/themes/enfold/framework/images/icons/social_facebook.png]
[imperiaskygardennminhkhai.vn/wp-content/themes/enfold/framework/images/icons/social_flickr.png]
[imperiaskygardennminhkhai.vn/wp-content/themes/enfold/framework/images/icons/social_twitter.png]
[imperiaskygardennminhkhai.vn/wp-content/themes/enfold/framework/images/icons/update.png]
[imperiaskygardennminhkhai.vn/wp-content/themes/enfold/framework/images/icons/user.png]
[imperiaskygardennminhkhai.vn/wp-content/themes/enfold/framework/images/icons/video.png]
[imperiaskygardennminhkhai.vn/wp-content/themes/enfold/framework/images/icons/video_insert_image.png]
[imperiaskygardennminhkhai.vn/wp-content/themes/enfold/framework/images/icons/wand.png]
[imperiaskygardennminhkhai.vn/wp-content/themes/enfold/framework/images/icons/index.html]
[imperiaskygardennminhkhai.vn/wp-content/themes/enfold/framework/images/layout/FIND_API.jpg]
[imperiaskygardennminhkhai.vn/wp-content/themes/enfold/framework/images/layout/index9a11.html]
[imperiaskygardennminhkhai.vn/wp-content/themes/enfold/framework/images/layout/index2a60.html]
[imperiaskygardennminhkhai.vn/wp-content/themes/enfold/framework/images/layout/index3dd6.html]
[imperiaskygardennminhkhai.vn/wp-content/themes/enfold/framework/images/layout/index0389.html]
[imperiaskygardennminhkhai.vn/wp-content/themes/enfold/framework/images/layout/arrow.png]
[imperiaskygardennminhkhai.vn/wp-content/themes/enfold/framework/images/layout/diagonal-bold-light.png]
[imperiaskygardennminhkhai.vn/wp-content/themes/enfold/framework/images/layout/gray-grad.png]
[imperiaskygardennminhkhai.vn/wp-content/themes/enfold/framework/images/layout/menu-bits.gif]
[imperiaskygardennminhkhai.vn/wp-content/themes/enfold/framework/images/layout/select_colorpicker.png]
[imperiaskygardennminhkhai.vn/wp-content/themes/enfold/framework/images/layout/index.html]
[imperiaskygardennminhkhai.vn/wp-content/themes/enfold/framework/images/layout/transparency.png]
[imperiaskygardennminhkhai.vn/wp-content/themes/enfold/framework/js/index9a11.html]
[imperiaskygardennminhkhai.vn/wp-content/themes/enfold/framework/js/index2a60.html]
[imperiaskygardennminhkhai.vn/wp-content/themes/enfold/framework/js/index3dd6.html]
[imperiaskygardennminhkhai.vn/wp-content/themes/enfold/framework/js/index0389.html]
[imperiaskygardennminhkhai.vn/wp-content/themes/enfold/framework/js/indexd4cd.html]
[imperiaskygardennminhkhai.vn/wp-content/themes/enfold/framework/js/index38f9.html]
[imperiaskygardennminhkhai.vn/wp-content/themes/enfold/framework/js/conditional_load/avia_conditional_mega_menu.js]
[imperiaskygardennminhkhai.vn/wp-content/themes/enfold/framework/js/conditional_load/index2a60.html]
[imperiaskygardennminhkhai.vn/wp-content/themes/enfold/framework/js/conditional_load/index9a11.html]
[imperiaskygardennminhkhai.vn/wp-content/themes/enfold/framework/js/conditional_load/index3dd6.html]
[imperiaskygardennminhkhai.vn/wp-content/themes/enfold/framework/js/conditional_load/index0389.html]
[imperiaskygardennminhkhai.vn/wp-content/themes/enfold/framework/js/conditional_load/avia_google_maps_widget.js]
[imperiaskygardennminhkhai.vn/wp-content/themes/enfold/framework/js/conditional_load/index.html]
[imperiaskygardennminhkhai.vn/wp-content/themes/enfold/framework/php/index9a11.html]
[imperiaskygardennminhkhai.vn/wp-content/themes/enfold/framework/php/index2a60.html]
[imperiaskygardennminhkhai.vn/wp-content/themes/enfold/framework/php/index3dd6.html]
[imperiaskygardennminhkhai.vn/wp-content/themes/enfold/framework/php/index0389.html]
[imperiaskygardennminhkhai.vn/wp-content/themes/enfold/framework/php/indexd4cd.html]
[imperiaskygardennminhkhai.vn/wp-content/themes/enfold/framework/php/index7dc1.html]
[imperiaskygardennminhkhai.vn/wp-content/themes/enfold/framework/php/index38f9.html]
[imperiaskygardennminhkhai.vn/wp-content/themes/enfold/framework/php/index350b.html]
[imperiaskygardennminhkhai.vn/wp-content/themes/enfold/framework/php/auto-updates/index9a11.html]
[imperiaskygardennminhkhai.vn/wp-content/themes/enfold/framework/php/auto-updates/index2a60.html]
[imperiaskygardennminhkhai.vn/wp-content/themes/enfold/framework/php/auto-updates/index3dd6.html]
[imperiaskygardennminhkhai.vn/wp-content/themes/enfold/framework/php/auto-updates/index0389.html]
[imperiaskygardennminhkhai.vn/wp-content/themes/enfold/framework/php/auto-updates/index.html]
[imperiaskygardennminhkhai.vn/wp-content/themes/enfold/framework/php/avia_shortcodes/index9a11.html]
[imperiaskygardennminhkhai.vn/wp-content/themes/enfold/framework/php/avia_shortcodes/index2a60.html]
[imperiaskygardennminhkhai.vn/wp-content/themes/enfold/framework/php/avia_shortcodes/index3dd6.html]
[imperiaskygardennminhkhai.vn/wp-content/themes/enfold/framework/php/avia_shortcodes/index0389.html]
[imperiaskygardennminhkhai.vn/wp-content/themes/enfold/framework/php/avia_shortcodes/shortcodes.html]
[imperiaskygardennminhkhai.vn/wp-content/themes/enfold/framework/php/avia_shortcodes/index.html]
[imperiaskygardennminhkhai.vn/wp-content/themes/enfold/framework/php/avia_shortcodes/img/index.html]
[imperiaskygardennminhkhai.vn/wp-content/themes/enfold/framework/php/avia_shortcodes/css/index.html]
[imperiaskygardennminhkhai.vn/wp-content/themes/enfold/framework/php/avia_shortcodes/sc/index.html]
[imperiaskygardennminhkhai.vn/wp-content/themes/enfold/framework/php/avia_shortcodes/tinymce/index.html]
[imperiaskygardennminhkhai.vn/wp-content/themes/enfold/framework/php/wordpress-importer/avia-export-class.html]
[imperiaskygardennminhkhai.vn/wp-content/themes/enfold/framework/php/wordpress-importer/index9a11.html]
[imperiaskygardennminhkhai.vn/wp-content/themes/enfold/framework/php/wordpress-importer/index2a60.html]
[imperiaskygardennminhkhai.vn/wp-content/themes/enfold/framework/php/wordpress-importer/index3dd6.html]
[imperiaskygardennminhkhai.vn/wp-content/themes/enfold/framework/php/wordpress-importer/index0389.html]
[imperiaskygardennminhkhai.vn/wp-content/themes/enfold/framework/php/wordpress-importer/index.html]
[imperiaskygardennminhkhai.vn/wp-content/themes/enfold/framework/php/class-adminpages.html]
[imperiaskygardennminhkhai.vn/wp-content/themes/enfold/framework/php/class-breadcrumb.html]
[imperiaskygardennminhkhai.vn/wp-content/themes/enfold/framework/php/class-database-option-sets.html]
[imperiaskygardennminhkhai.vn/wp-content/themes/enfold/framework/php/class-form-generator.html]
[imperiaskygardennminhkhai.vn/wp-content/themes/enfold/framework/php/class-framework-widgets.html]
[imperiaskygardennminhkhai.vn/wp-content/themes/enfold/framework/php/class-htmlhelper.html]
[imperiaskygardennminhkhai.vn/wp-content/themes/enfold/framework/php/class-media.html]
[imperiaskygardennminhkhai.vn/wp-content/themes/enfold/framework/php/class-megamenu.html]
[imperiaskygardennminhkhai.vn/wp-content/themes/enfold/framework/php/class-metabox.html]
[imperiaskygardennminhkhai.vn/wp-content/themes/enfold/framework/php/class-queryfilter.html]
[imperiaskygardennminhkhai.vn/wp-content/themes/enfold/framework/php/class-sidebar-generator.html]
[imperiaskygardennminhkhai.vn/wp-content/themes/enfold/framework/php/class-style-generator.html]
[imperiaskygardennminhkhai.vn/wp-content/themes/enfold/framework/php/class-superobject.html]
[imperiaskygardennminhkhai.vn/wp-content/themes/enfold/framework/php/class-update-notifier.html]
[imperiaskygardennminhkhai.vn/wp-content/themes/enfold/framework/php/function-set-avia-ajax.html]
[imperiaskygardennminhkhai.vn/wp-content/themes/enfold/framework/php/function-set-avia-backend.html]
[imperiaskygardennminhkhai.vn/wp-content/themes/enfold/framework/php/function-set-avia-frontend.html]
[imperiaskygardennminhkhai.vn/wp-content/themes/enfold/framework/css/indexd4cd.html]
[imperiaskygardennminhkhai.vn/wp-content/themes/enfold/framework/css/index7dc1.html]
[imperiaskygardennminhkhai.vn/wp-content/themes/enfold/framework/css/index38f9.html]
[imperiaskygardennminhkhai.vn/wp-content/themes/enfold/framework/css/index350b.html]
[imperiaskygardennminhkhai.vn/wp-content/themes/enfold/framework/css/conditional_load/index9a11.html]
[imperiaskygardennminhkhai.vn/wp-content/themes/enfold/framework/css/conditional_load/index2a60.html]
[imperiaskygardennminhkhai.vn/wp-content/themes/enfold/framework/css/conditional_load/index3dd6.html]
[imperiaskygardennminhkhai.vn/wp-content/themes/enfold/framework/css/conditional_load/index0389.html]
[imperiaskygardennminhkhai.vn/wp-content/themes/enfold/framework/css/conditional_load/indexd4cd.html]
[imperiaskygardennminhkhai.vn/wp-content/themes/enfold/framework/css/conditional_load/index7dc1.html]
[imperiaskygardennminhkhai.vn/wp-content/themes/enfold/framework/css/conditional_load/index38f9.html]
[imperiaskygardennminhkhai.vn/wp-content/themes/enfold/framework/css/conditional_load/index350b.html]
[imperiaskygardennminhkhai.vn/wp-content/themes/enfold/framework/css/conditional_load/avia_admin_modern.css]
[imperiaskygardennminhkhai.vn/wp-content/themes/enfold/framework/css/conditional_load/avia_gallery_mode.css]
[imperiaskygardennminhkhai.vn/wp-content/themes/enfold/framework/images/index7dc1.html]
[imperiaskygardennminhkhai.vn/wp-content/themes/enfold/framework/images/index38f9.html]
[imperiaskygardennminhkhai.vn/wp-content/themes/enfold/framework/images/index350b.html]
[imperiaskygardennminhkhai.vn/wp-content/themes/enfold/framework/images/colorpicker/index9a11.html]
[imperiaskygardennminhkhai.vn/wp-content/themes/enfold/framework/images/indexd4cd.html]
[imperiaskygardennminhkhai.vn/wp-content/themes/enfold/framework/images/colorpicker/indexd4cd.html]
[imperiaskygardennminhkhai.vn/wp-content/themes/enfold/framework/images/colorpicker/index2a60.html]
[imperiaskygardennminhkhai.vn/wp-content/themes/enfold/framework/images/colorpicker/colorpicker_indic.gif]
[imperiaskygardennminhkhai.vn/wp-content/themes/enfold/framework/images/colorpicker/index0389.html]
[imperiaskygardennminhkhai.vn/wp-content/themes/enfold/framework/images/colorpicker/index3dd6.html]
[imperiaskygardennminhkhai.vn/wp-content/themes/enfold/framework/images/colorpicker/index350b.html]
[imperiaskygardennminhkhai.vn/wp-content/themes/enfold/framework/images/colorpicker/custom_background.png]
[imperiaskygardennminhkhai.vn/wp-content/themes/enfold/framework/images/colorpicker/custom_hex.png]
[imperiaskygardennminhkhai.vn/wp-content/themes/enfold/framework/images/icons/index9a11.html]
[imperiaskygardennminhkhai.vn/wp-content/themes/enfold/framework/images/icons/index2a60.html]
[imperiaskygardennminhkhai.vn/wp-content/themes/enfold/framework/images/icons/index3dd6.html]
[imperiaskygardennminhkhai.vn/wp-content/themes/enfold/framework/images/icons/indexd4cd.html]
[imperiaskygardennminhkhai.vn/wp-content/themes/enfold/framework/images/colorpicker/custom_rgb_r.png]
[imperiaskygardennminhkhai.vn/wp-content/themes/enfold/framework/images/icons/index0389.html]
[imperiaskygardennminhkhai.vn/wp-content/themes/enfold/framework/images/icons/index7dc1.html]
[imperiaskygardennminhkhai.vn/wp-content/themes/enfold/framework/images/icons/index38f9.html]
[imperiaskygardennminhkhai.vn/wp-content/themes/enfold/framework/images/icons/index350b.html]
[imperiaskygardennminhkhai.vn/wp-content/themes/enfold/framework/images/icons/new/arrow-repeat-two-7@3x.png]
[imperiaskygardennminhkhai.vn/wp-content/themes/enfold/framework/images/icons/new/circle-user-7@3x.png]
[imperiaskygardennminhkhai.vn/wp-content/themes/enfold/framework/images/icons/new/index0389.html]
[imperiaskygardennminhkhai.vn/wp-content/themes/enfold/framework/images/icons/new/index9a11.html]
[imperiaskygardennminhkhai.vn/wp-content/themes/enfold/framework/images/icons/new/index2a60.html]
[imperiaskygardennminhkhai.vn/wp-content/themes/enfold/framework/images/icons/new/index3dd6.html]
[imperiaskygardennminhkhai.vn/wp-content/themes/enfold/framework/images/icons/new/color-palette-7@3x.png]
[imperiaskygardennminhkhai.vn/wp-content/themes/enfold/framework/images/icons/new/connect-arrow-up-down-7@3x.png]
[imperiaskygardennminhkhai.vn/wp-content/themes/enfold/framework/images/icons/new/folder-download-7@3x.png]
[imperiaskygardennminhkhai.vn/wp-content/themes/enfold/framework/images/icons/new/layout-arrange-02-7@3x.png]
[imperiaskygardennminhkhai.vn/wp-content/themes/enfold/framework/images/icons/new/layout-arrange-13-7@3x.png]
[imperiaskygardennminhkhai.vn/wp-content/themes/enfold/framework/images/icons/new/layout-reverse@3x.png]
[imperiaskygardennminhkhai.vn/wp-content/themes/enfold/framework/images/icons/new/magic-wand-7@3x.png]
[imperiaskygardennminhkhai.vn/wp-content/themes/enfold/framework/images/icons/new/newspaper-7@3x.png]
[imperiaskygardennminhkhai.vn/wp-content/themes/enfold/framework/images/icons/new/note-write-7@3x.png]
[imperiaskygardennminhkhai.vn/wp-content/themes/enfold/framework/images/icons/new/paper-map-7@3x.png]
[imperiaskygardennminhkhai.vn/wp-content/themes/enfold/framework/images/icons/new/shopping-cart-7@3x.png]
[imperiaskygardennminhkhai.vn/wp-content/themes/enfold/framework/images/icons/new/spanner-screwdriver-7@3x.png]
[imperiaskygardennminhkhai.vn/wp-content/themes/enfold/framework/images/icons/new/window-up-7@3x.png]
[imperiaskygardennminhkhai.vn/wp-content/themes/enfold/framework/images/icons/new/window-within-7@3x.png]
[imperiaskygardennminhkhai.vn/wp-content/themes/enfold/framework/images/icons/new/index.html]
[imperiaskygardennminhkhai.vn/wp-content/themes/enfold/framework/images/layout/index9a11.html]
[imperiaskygardennminhkhai.vn/wp-content/themes/enfold/framework/images/layout/index2a60.html]
[imperiaskygardennminhkhai.vn/wp-content/themes/enfold/framework/images/layout/index3dd6.html]
[imperiaskygardennminhkhai.vn/wp-content/themes/enfold/framework/images/layout/index0389.html]
[imperiaskygardennminhkhai.vn/wp-content/themes/enfold/framework/images/layout/indexd4cd.html]
[imperiaskygardennminhkhai.vn/wp-content/themes/enfold/framework/images/layout/index7dc1.html]
[imperiaskygardennminhkhai.vn/wp-content/themes/enfold/framework/images/layout/index38f9.html]
[imperiaskygardennminhkhai.vn/wp-content/themes/enfold/framework/images/layout/index350b.html]
[imperiaskygardennminhkhai.vn/wp-content/themes/enfold/framework/js/indexd4cd.html]
[imperiaskygardennminhkhai.vn/wp-content/themes/enfold/framework/js/index38f9.html]
[imperiaskygardennminhkhai.vn/wp-content/themes/enfold/framework/js/conditional_load/index9a11.html]
[imperiaskygardennminhkhai.vn/wp-content/themes/enfold/framework/js/conditional_load/index2a60.html]
[imperiaskygardennminhkhai.vn/wp-content/themes/enfold/framework/js/index350b.html]
[imperiaskygardennminhkhai.vn/wp-content/themes/enfold/framework/js/index7dc1.html]
[imperiaskygardennminhkhai.vn/wp-content/themes/enfold/framework/js/conditional_load/index7dc1.html]
[imperiaskygardennminhkhai.vn/wp-content/themes/enfold/framework/js/conditional_load/indexd4cd.html]
[imperiaskygardennminhkhai.vn/wp-content/themes/enfold/framework/js/conditional_load/index3dd6.html]
[imperiaskygardennminhkhai.vn/wp-content/themes/enfold/framework/js/conditional_load/index0389.html]
[imperiaskygardennminhkhai.vn/wp-content/themes/enfold/framework/php/indexd4cd.html]
[imperiaskygardennminhkhai.vn/wp-content/themes/enfold/framework/php/index7dc1.html]
[imperiaskygardennminhkhai.vn/wp-content/themes/enfold/framework/php/index38f9.html]
[imperiaskygardennminhkhai.vn/wp-content/themes/enfold/framework/php/index350b.html]
[imperiaskygardennminhkhai.vn/wp-content/themes/enfold/framework/php/auto-updates/index9a11.html]
[imperiaskygardennminhkhai.vn/wp-content/themes/enfold/framework/php/auto-updates/index2a60.html]
[imperiaskygardennminhkhai.vn/wp-content/themes/enfold/framework/js/conditional_load/index350b.html]
[imperiaskygardennminhkhai.vn/wp-content/themes/enfold/framework/js/conditional_load/index38f9.html]
[imperiaskygardennminhkhai.vn/wp-content/themes/enfold/framework/php/auto-updates/indexd4cd.html]
[imperiaskygardennminhkhai.vn/wp-content/themes/enfold/framework/php/auto-updates/index7dc1.html]
[imperiaskygardennminhkhai.vn/wp-content/themes/enfold/framework/php/auto-updates/index3dd6.html]
[imperiaskygardennminhkhai.vn/wp-content/themes/enfold/framework/php/auto-updates/index0389.html]
[imperiaskygardennminhkhai.vn/wp-content/themes/enfold/framework/php/auto-updates/class-envato-protected-api.html]
[imperiaskygardennminhkhai.vn/wp-content/themes/enfold/framework/php/auto-updates/class-pixelentity-theme-update.html]
[imperiaskygardennminhkhai.vn/wp-content/themes/enfold/framework/php/avia_shortcodes/index9a11.html]
[imperiaskygardennminhkhai.vn/wp-content/themes/enfold/framework/php/auto-updates/index38f9.html]
[imperiaskygardennminhkhai.vn/wp-content/themes/enfold/framework/php/auto-updates/index350b.html]
[imperiaskygardennminhkhai.vn/wp-content/themes/enfold/framework/php/avia_shortcodes/indexd4cd.html]
[imperiaskygardennminhkhai.vn/wp-content/themes/enfold/framework/php/avia_shortcodes/index2a60.html]
[imperiaskygardennminhkhai.vn/wp-content/themes/enfold/framework/php/avia_shortcodes/index3dd6.html]
[imperiaskygardennminhkhai.vn/wp-content/themes/enfold/framework/php/avia_shortcodes/index0389.html]
[imperiaskygardennminhkhai.vn/wp-content/themes/enfold/framework/php/avia_shortcodes/css/styles.css]
[imperiaskygardennminhkhai.vn/wp-content/themes/enfold/framework/php/avia_shortcodes/index7dc1.html]
[imperiaskygardennminhkhai.vn/wp-content/themes/enfold/framework/php/avia_shortcodes/index38f9.html]
[imperiaskygardennminhkhai.vn/wp-content/themes/enfold/framework/php/avia_shortcodes/index350b.html]
[imperiaskygardennminhkhai.vn/wp-content/themes/enfold/framework/php/avia_shortcodes/css/index.html]
[imperiaskygardennminhkhai.vn/wp-content/themes/enfold/framework/php/avia_shortcodes/css/index9a11.html]
[imperiaskygardennminhkhai.vn/wp-content/themes/enfold/framework/php/avia_shortcodes/css/index2a60.html]
[imperiaskygardennminhkhai.vn/wp-content/themes/enfold/framework/php/avia_shortcodes/css/index3dd6.html]
[imperiaskygardennminhkhai.vn/wp-content/themes/enfold/framework/php/avia_shortcodes/css/index0389.html]
[imperiaskygardennminhkhai.vn/wp-content/themes/enfold/framework/php/avia_shortcodes/img/checkmark.gif]
[imperiaskygardennminhkhai.vn/wp-content/themes/enfold/framework/php/avia_shortcodes/img/index9a11.html]
[imperiaskygardennminhkhai.vn/wp-content/themes/enfold/framework/php/avia_shortcodes/img/index2a60.html]
[imperiaskygardennminhkhai.vn/wp-content/themes/enfold/framework/php/avia_shortcodes/img/index3dd6.html]
[imperiaskygardennminhkhai.vn/wp-content/themes/enfold/framework/php/avia_shortcodes/img/index0389.html]
[imperiaskygardennminhkhai.vn/wp-content/themes/enfold/framework/php/avia_shortcodes/img/globe-preloader.gif]
[imperiaskygardennminhkhai.vn/wp-content/themes/enfold/framework/php/avia_shortcodes/img/preloader.gif]
[imperiaskygardennminhkhai.vn/wp-content/themes/enfold/framework/php/avia_shortcodes/img/x.gif]
[imperiaskygardennminhkhai.vn/wp-content/themes/enfold/framework/php/avia_shortcodes/img/index.html]
[imperiaskygardennminhkhai.vn/wp-content/themes/enfold/framework/php/avia_shortcodes/sc/big_box.js]
[imperiaskygardennminhkhai.vn/wp-content/themes/enfold/framework/php/avia_shortcodes/sc/index2a60.html]
[imperiaskygardennminhkhai.vn/wp-content/themes/enfold/framework/php/avia_shortcodes/sc/index3dd6.html]
[imperiaskygardennminhkhai.vn/wp-content/themes/enfold/framework/php/avia_shortcodes/sc/index9a11.html]
[imperiaskygardennminhkhai.vn/wp-content/themes/enfold/framework/php/avia_shortcodes/sc/index0389.html]
[imperiaskygardennminhkhai.vn/wp-content/themes/enfold/framework/php/avia_shortcodes/sc/box.js]
[imperiaskygardennminhkhai.vn/wp-content/themes/enfold/framework/php/avia_shortcodes/sc/button.js]
[imperiaskygardennminhkhai.vn/wp-content/themes/enfold/framework/php/avia_shortcodes/sc/column.js]
[imperiaskygardennminhkhai.vn/wp-content/themes/enfold/framework/php/avia_shortcodes/sc/digg.js]
[imperiaskygardennminhkhai.vn/wp-content/themes/enfold/framework/php/avia_shortcodes/sc/fblike.js]
[imperiaskygardennminhkhai.vn/wp-content/themes/enfold/framework/php/avia_shortcodes/sc/iconbox.js]
[imperiaskygardennminhkhai.vn/wp-content/themes/enfold/framework/php/avia_shortcodes/sc/iconbox_top.js]
[imperiaskygardennminhkhai.vn/wp-content/themes/enfold/framework/php/avia_shortcodes/sc/ilink.js]
[imperiaskygardennminhkhai.vn/wp-content/themes/enfold/framework/php/avia_shortcodes/sc/latest_portfolio.js]
[imperiaskygardennminhkhai.vn/wp-content/themes/enfold/framework/php/avia_shortcodes/sc/latest_posts.js]
[imperiaskygardennminhkhai.vn/wp-content/themes/enfold/framework/php/avia_shortcodes/sc/latest_tweets.js]
[imperiaskygardennminhkhai.vn/wp-content/themes/enfold/framework/php/avia_shortcodes/sc/quote.js]
[imperiaskygardennminhkhai.vn/wp-content/themes/enfold/framework/php/avia_shortcodes/sc/related.js]
[imperiaskygardennminhkhai.vn/wp-content/themes/enfold/framework/php/avia_shortcodes/sc/sidebar_tabs.js]
[imperiaskygardennminhkhai.vn/wp-content/themes/enfold/framework/php/avia_shortcodes/sc/slider.js]
[imperiaskygardennminhkhai.vn/wp-content/themes/enfold/framework/php/avia_shortcodes/sc/tab.js]
[imperiaskygardennminhkhai.vn/wp-content/themes/enfold/framework/php/avia_shortcodes/sc/table.js]
[imperiaskygardennminhkhai.vn/wp-content/themes/enfold/framework/php/avia_shortcodes/sc/toggle.js]
[imperiaskygardennminhkhai.vn/wp-content/themes/enfold/framework/php/avia_shortcodes/sc/tweetmeme.js]
[imperiaskygardennminhkhai.vn/wp-content/themes/enfold/framework/php/avia_shortcodes/sc/twitter.js]
[imperiaskygardennminhkhai.vn/wp-content/themes/enfold/framework/php/avia_shortcodes/sc/index.html]
[imperiaskygardennminhkhai.vn/wp-content/themes/enfold/framework/php/avia_shortcodes/tinymce/index0389.html]
[imperiaskygardennminhkhai.vn/wp-content/themes/enfold/framework/php/avia_shortcodes/tinymce/index2a60.html]
[imperiaskygardennminhkhai.vn/wp-content/themes/enfold/framework/php/avia_shortcodes/tinymce/index9a11.html]
[imperiaskygardennminhkhai.vn/wp-content/themes/enfold/framework/php/avia_shortcodes/tinymce/index3dd6.html]
[imperiaskygardennminhkhai.vn/wp-content/themes/enfold/framework/php/avia_shortcodes/tinymce/editor_plugin.js]
[imperiaskygardennminhkhai.vn/wp-content/themes/enfold/framework/php/avia_shortcodes/tinymce/js/index.html]
[imperiaskygardennminhkhai.vn/wp-content/themes/enfold/framework/php/avia_shortcodes/tinymce/img/index.html]
[imperiaskygardennminhkhai.vn/wp-content/themes/enfold/framework/php/avia_shortcodes/tinymce/editor_plugin_3.js]
[imperiaskygardennminhkhai.vn/wp-content/themes/enfold/framework/php/avia_shortcodes/tinymce/index.html]
[imperiaskygardennminhkhai.vn/wp-content/themes/enfold/framework/php/avia_shortcodes/av-prev.html]
[imperiaskygardennminhkhai.vn/wp-content/themes/enfold/framework/php/avia_shortcodes/shortcodes.html]
[imperiaskygardennminhkhai.vn/wp-content/themes/enfold/framework/php/wordpress-importer/index9a11.html]
[imperiaskygardennminhkhai.vn/wp-content/themes/enfold/framework/php/wordpress-importer/index2a60.html]
[imperiaskygardennminhkhai.vn/wp-content/themes/enfold/framework/php/wordpress-importer/index3dd6.html]
[imperiaskygardennminhkhai.vn/wp-content/themes/enfold/framework/php/wordpress-importer/index0389.html]
[imperiaskygardennminhkhai.vn/wp-content/themes/enfold/framework/php/wordpress-importer/index7dc1.html]
[imperiaskygardennminhkhai.vn/wp-content/themes/enfold/framework/php/wordpress-importer/index38f9.html]
[imperiaskygardennminhkhai.vn/wp-content/themes/enfold/framework/php/wordpress-importer/index350b.html]
[imperiaskygardennminhkhai.vn/wp-content/themes/enfold/framework/php/wordpress-importer/indexd4cd.html]
[imperiaskygardennminhkhai.vn/wp-content/themes/enfold/framework/php/wordpress-importer/avia-export-class.html]
[imperiaskygardennminhkhai.vn/wp-content/themes/enfold/framework/php/wordpress-importer/parsers.html]
[imperiaskygardennminhkhai.vn/wp-content/themes/enfold/framework/php/wordpress-importer/wordpress-importer.html]
[imperiaskygardennminhkhai.vn/wp-content/themes/enfold/framework/avia_framework.html]
[imperiaskygardennminhkhai.vn/wp-content/themes/enfold/framework/css/conditional_load/indexd4cd.html]
[imperiaskygardennminhkhai.vn/wp-content/themes/enfold/framework/css/conditional_load/index7dc1.html]
[imperiaskygardennminhkhai.vn/wp-content/themes/enfold/framework/css/conditional_load/index38f9.html]
[imperiaskygardennminhkhai.vn/wp-content/themes/enfold/framework/css/conditional_load/index350b.html]
[imperiaskygardennminhkhai.vn/wp-content/themes/enfold/framework/images/indexd4cd.html]
[imperiaskygardennminhkhai.vn/wp-content/themes/enfold/framework/images/colorpicker/indexd4cd.html]
[imperiaskygardennminhkhai.vn/wp-content/themes/enfold/framework/images/colorpicker/index2a60.html]
[imperiaskygardennminhkhai.vn/wp-content/themes/enfold/framework/images/colorpicker/index3dd6.html]
[imperiaskygardennminhkhai.vn/wp-content/themes/enfold/framework/images/colorpicker/index350b.html]
[imperiaskygardennminhkhai.vn/wp-content/themes/enfold/framework/images/icons/indexd4cd.html]
[imperiaskygardennminhkhai.vn/wp-content/themes/enfold/framework/images/icons/index7dc1.html]
[imperiaskygardennminhkhai.vn/wp-content/themes/enfold/framework/images/icons/index38f9.html]
[imperiaskygardennminhkhai.vn/wp-content/themes/enfold/framework/images/icons/index350b.html]
[imperiaskygardennminhkhai.vn/wp-content/themes/enfold/framework/images/icons/new/index9a11.html]
[imperiaskygardennminhkhai.vn/wp-content/themes/enfold/framework/images/icons/new/index2a60.html]
[imperiaskygardennminhkhai.vn/wp-content/themes/enfold/framework/images/colorpicker/index7dc1.html]
[imperiaskygardennminhkhai.vn/wp-content/themes/enfold/framework/images/colorpicker/index38f9.html]
[imperiaskygardennminhkhai.vn/wp-content/themes/enfold/framework/images/icons/new/indexd4cd.html]
[imperiaskygardennminhkhai.vn/wp-content/themes/enfold/framework/images/icons/new/index7dc1.html]
[imperiaskygardennminhkhai.vn/wp-content/themes/enfold/framework/images/icons/new/index3dd6.html]
[imperiaskygardennminhkhai.vn/wp-content/themes/enfold/framework/images/icons/new/index0389.html]
[imperiaskygardennminhkhai.vn/wp-content/themes/enfold/framework/images/layout/indexd4cd.html]
[imperiaskygardennminhkhai.vn/wp-content/themes/enfold/framework/images/layout/index7dc1.html]
[imperiaskygardennminhkhai.vn/wp-content/themes/enfold/framework/images/layout/index38f9.html]
[imperiaskygardennminhkhai.vn/wp-content/themes/enfold/framework/images/layout/index350b.html]
[imperiaskygardennminhkhai.vn/wp-content/themes/enfold/framework/js/index7dc1.html]
[imperiaskygardennminhkhai.vn/wp-content/themes/enfold/framework/js/index350b.html]
[imperiaskygardennminhkhai.vn/wp-content/themes/enfold/framework/js/conditional_load/indexd4cd.html]
[imperiaskygardennminhkhai.vn/wp-content/themes/enfold/framework/js/conditional_load/index7dc1.html]
[imperiaskygardennminhkhai.vn/wp-content/themes/enfold/framework/js/conditional_load/index38f9.html]
[imperiaskygardennminhkhai.vn/wp-content/themes/enfold/framework/js/conditional_load/index350b.html]
[imperiaskygardennminhkhai.vn/wp-content/themes/enfold/framework/php/auto-updates/indexd4cd.html]
[imperiaskygardennminhkhai.vn/wp-content/themes/enfold/framework/php/auto-updates/index7dc1.html]
[imperiaskygardennminhkhai.vn/wp-content/themes/enfold/framework/php/auto-updates/index38f9.html]
[imperiaskygardennminhkhai.vn/wp-content/themes/enfold/framework/php/auto-updates/index350b.html]
[imperiaskygardennminhkhai.vn/wp-content/themes/enfold/framework/php/avia_shortcodes/indexd4cd.html]
[imperiaskygardennminhkhai.vn/wp-content/themes/enfold/framework/php/avia_shortcodes/index7dc1.html]
[imperiaskygardennminhkhai.vn/wp-content/themes/enfold/framework/php/avia_shortcodes/index38f9.html]
[imperiaskygardennminhkhai.vn/wp-content/themes/enfold/framework/php/avia_shortcodes/index350b.html]
[imperiaskygardennminhkhai.vn/wp-content/themes/enfold/framework/php/avia_shortcodes/css/index9a11.html]
[imperiaskygardennminhkhai.vn/wp-content/themes/enfold/framework/images/icons/new/index38f9.html]
[imperiaskygardennminhkhai.vn/wp-content/themes/enfold/framework/images/icons/new/index350b.html]
[imperiaskygardennminhkhai.vn/wp-content/themes/enfold/framework/php/avia_shortcodes/css/indexd4cd.html]
[imperiaskygardennminhkhai.vn/wp-content/themes/enfold/framework/php/avia_shortcodes/css/index2a60.html]
[imperiaskygardennminhkhai.vn/wp-content/themes/enfold/framework/php/avia_shortcodes/css/index3dd6.html]
[imperiaskygardennminhkhai.vn/wp-content/themes/enfold/framework/php/avia_shortcodes/css/index0389.html]
[imperiaskygardennminhkhai.vn/wp-content/themes/enfold/framework/php/avia_shortcodes/css/styles.css]
[imperiaskygardennminhkhai.vn/wp-content/themes/enfold/framework/php/avia_shortcodes/img/index9a11.html]
[imperiaskygardennminhkhai.vn/wp-content/themes/enfold/framework/php/avia_shortcodes/css/index7dc1.html]
[imperiaskygardennminhkhai.vn/wp-content/themes/enfold/framework/php/avia_shortcodes/css/index38f9.html]
[imperiaskygardennminhkhai.vn/wp-content/themes/enfold/framework/php/avia_shortcodes/css/index350b.html]
[imperiaskygardennminhkhai.vn/wp-content/themes/enfold/framework/php/avia_shortcodes/img/indexd4cd.html]
[imperiaskygardennminhkhai.vn/wp-content/themes/enfold/framework/php/avia_shortcodes/img/index2a60.html]
[imperiaskygardennminhkhai.vn/wp-content/themes/enfold/framework/php/avia_shortcodes/img/index3dd6.html]
[imperiaskygardennminhkhai.vn/wp-content/themes/enfold/framework/php/avia_shortcodes/img/index0389.html]
[imperiaskygardennminhkhai.vn/wp-content/themes/enfold/framework/php/avia_shortcodes/sc/index9a11.html]
[imperiaskygardennminhkhai.vn/wp-content/themes/enfold/framework/php/avia_shortcodes/img/index7dc1.html]
[imperiaskygardennminhkhai.vn/wp-content/themes/enfold/framework/php/avia_shortcodes/img/index38f9.html]
[imperiaskygardennminhkhai.vn/wp-content/themes/enfold/framework/php/avia_shortcodes/img/index350b.html]
[imperiaskygardennminhkhai.vn/wp-content/themes/enfold/framework/php/avia_shortcodes/sc/indexd4cd.html]
[imperiaskygardennminhkhai.vn/wp-content/themes/enfold/framework/php/avia_shortcodes/sc/index2a60.html]
[imperiaskygardennminhkhai.vn/wp-content/themes/enfold/framework/php/avia_shortcodes/sc/index3dd6.html]
[imperiaskygardennminhkhai.vn/wp-content/themes/enfold/framework/php/avia_shortcodes/sc/index0389.html]
[imperiaskygardennminhkhai.vn/wp-content/themes/enfold/framework/php/avia_shortcodes/tinymce/index9a11.html]
[imperiaskygardennminhkhai.vn/wp-content/themes/enfold/framework/php/avia_shortcodes/sc/index7dc1.html]
[imperiaskygardennminhkhai.vn/wp-content/themes/enfold/framework/php/avia_shortcodes/sc/index38f9.html]
[imperiaskygardennminhkhai.vn/wp-content/themes/enfold/framework/php/avia_shortcodes/sc/index350b.html]
[imperiaskygardennminhkhai.vn/wp-content/themes/enfold/framework/php/avia_shortcodes/tinymce/indexd4cd.html]
[imperiaskygardennminhkhai.vn/wp-content/themes/enfold/framework/php/avia_shortcodes/tinymce/index2a60.html]
[imperiaskygardennminhkhai.vn/wp-content/themes/enfold/framework/php/avia_shortcodes/tinymce/index3dd6.html]
[imperiaskygardennminhkhai.vn/wp-content/themes/enfold/framework/php/avia_shortcodes/tinymce/index0389.html]
[imperiaskygardennminhkhai.vn/wp-content/themes/enfold/framework/php/avia_shortcodes/tinymce/img/index.html]
[imperiaskygardennminhkhai.vn/wp-content/themes/enfold/framework/php/avia_shortcodes/tinymce/index7dc1.html]
[imperiaskygardennminhkhai.vn/wp-content/themes/enfold/framework/php/avia_shortcodes/tinymce/index38f9.html]
[imperiaskygardennminhkhai.vn/wp-content/themes/enfold/framework/php/avia_shortcodes/tinymce/index350b.html]
[imperiaskygardennminhkhai.vn/wp-content/themes/enfold/framework/php/avia_shortcodes/tinymce/img/index9a11.html]
[imperiaskygardennminhkhai.vn/wp-content/themes/enfold/framework/php/avia_shortcodes/tinymce/js/column-control.js]
[imperiaskygardennminhkhai.vn/wp-content/themes/enfold/framework/php/avia_shortcodes/tinymce/img/index0389.html]
[imperiaskygardennminhkhai.vn/wp-content/themes/enfold/framework/php/avia_shortcodes/tinymce/img/index3dd6.html]
[imperiaskygardennminhkhai.vn/wp-content/themes/enfold/framework/php/avia_shortcodes/tinymce/img/index2a60.html]
[imperiaskygardennminhkhai.vn/wp-content/themes/enfold/framework/php/avia_shortcodes/tinymce/js/index9a11.html]
[imperiaskygardennminhkhai.vn/wp-content/themes/enfold/framework/php/avia_shortcodes/tinymce/js/dialog.js]
[imperiaskygardennminhkhai.vn/wp-content/themes/enfold/framework/php/avia_shortcodes/tinymce/js/index2a60.html]
[imperiaskygardennminhkhai.vn/wp-content/themes/enfold/framework/php/avia_shortcodes/tinymce/js/index3dd6.html]
[imperiaskygardennminhkhai.vn/wp-content/themes/enfold/framework/php/avia_shortcodes/tinymce/js/index0389.html]
[imperiaskygardennminhkhai.vn/wp-content/themes/enfold/framework/php/avia_shortcodes/tinymce/js/sidebar-tab-control.js]
[imperiaskygardennminhkhai.vn/wp-content/themes/enfold/framework/php/avia_shortcodes/tinymce/js/tab-control.js]
[imperiaskygardennminhkhai.vn/wp-content/themes/enfold/framework/php/avia_shortcodes/tinymce/js/table-control.js]
[imperiaskygardennminhkhai.vn/wp-content/themes/enfold/framework/php/avia_shortcodes/tinymce/js/index.html]
[imperiaskygardennminhkhai.vn/wp-content/themes/enfold/framework/php/avia_shortcodes/tinymce/dialog.html]
[imperiaskygardennminhkhai.vn/wp-content/themes/enfold/framework/php/wordpress-importer/indexd4cd.html]
[imperiaskygardennminhkhai.vn/wp-content/themes/enfold/framework/php/wordpress-importer/index7dc1.html]
[imperiaskygardennminhkhai.vn/wp-content/themes/enfold/framework/php/wordpress-importer/index38f9.html]
[imperiaskygardennminhkhai.vn/wp-content/themes/enfold/framework/php/wordpress-importer/index350b.html]
[imperiaskygardennminhkhai.vn/wp-content/themes/enfold/framework/php/class-tgm-plugin-activation.html]
[imperiaskygardennminhkhai.vn/wp-content/themes/enfold/framework/php/inc-autoconfig.html]
[imperiaskygardennminhkhai.vn/wp-content/themes/enfold/framework/php/inc-avia-importer.html]
[imperiaskygardennminhkhai.vn/wp-content/themes/enfold/framework/images/colorpicker/index7dc1.html]
[imperiaskygardennminhkhai.vn/wp-content/themes/enfold/framework/images/colorpicker/index38f9.html]
[imperiaskygardennminhkhai.vn/wp-content/themes/enfold/framework/images/icons/new/indexd4cd.html]
[imperiaskygardennminhkhai.vn/wp-content/themes/enfold/framework/images/icons/new/index7dc1.html]
[imperiaskygardennminhkhai.vn/wp-content/themes/enfold/framework/images/icons/new/index38f9.html]
[imperiaskygardennminhkhai.vn/wp-content/themes/enfold/framework/images/icons/new/index350b.html]
[imperiaskygardennminhkhai.vn/wp-content/themes/enfold/framework/php/auto-updates/auto-updates.html]
[imperiaskygardennminhkhai.vn/wp-content/themes/enfold/framework/php/avia_shortcodes/css/indexd4cd.html]
[imperiaskygardennminhkhai.vn/wp-content/themes/enfold/framework/php/avia_shortcodes/css/index7dc1.html]
[imperiaskygardennminhkhai.vn/wp-content/themes/enfold/framework/php/avia_shortcodes/css/index38f9.html]
[imperiaskygardennminhkhai.vn/wp-content/themes/enfold/framework/php/avia_shortcodes/css/index350b.html]
[imperiaskygardennminhkhai.vn/wp-content/themes/enfold/framework/php/avia_shortcodes/img/indexd4cd.html]
[imperiaskygardennminhkhai.vn/wp-content/themes/enfold/framework/php/avia_shortcodes/img/index7dc1.html]
[imperiaskygardennminhkhai.vn/wp-content/themes/enfold/framework/php/avia_shortcodes/img/index38f9.html]
[imperiaskygardennminhkhai.vn/wp-content/themes/enfold/framework/php/avia_shortcodes/img/index350b.html]
[imperiaskygardennminhkhai.vn/wp-content/themes/enfold/framework/php/avia_shortcodes/sc/indexd4cd.html]
[imperiaskygardennminhkhai.vn/wp-content/themes/enfold/framework/php/avia_shortcodes/sc/index7dc1.html]
[imperiaskygardennminhkhai.vn/wp-content/themes/enfold/framework/php/avia_shortcodes/sc/index38f9.html]
[imperiaskygardennminhkhai.vn/wp-content/themes/enfold/framework/php/avia_shortcodes/sc/index350b.html]
[imperiaskygardennminhkhai.vn/wp-content/themes/enfold/framework/php/avia_shortcodes/tinymce/indexd4cd.html]
[imperiaskygardennminhkhai.vn/wp-content/themes/enfold/framework/php/avia_shortcodes/tinymce/index7dc1.html]
[imperiaskygardennminhkhai.vn/wp-content/themes/enfold/framework/php/avia_shortcodes/tinymce/index38f9.html]
[imperiaskygardennminhkhai.vn/wp-content/themes/enfold/framework/php/avia_shortcodes/tinymce/index350b.html]
[imperiaskygardennminhkhai.vn/wp-content/themes/enfold/framework/php/avia_shortcodes/tinymce/img/index9a11.html]
[imperiaskygardennminhkhai.vn/wp-content/themes/enfold/framework/php/avia_shortcodes/tinymce/img/index2a60.html]
[imperiaskygardennminhkhai.vn/wp-content/themes/enfold/framework/php/avia_shortcodes/tinymce/img/index3dd6.html]
[imperiaskygardennminhkhai.vn/wp-content/themes/enfold/framework/php/avia_shortcodes/tinymce/img/indexd4cd.html]
[imperiaskygardennminhkhai.vn/wp-content/themes/enfold/framework/php/avia_shortcodes/tinymce/img/index7dc1.html]
[imperiaskygardennminhkhai.vn/wp-content/themes/enfold/framework/php/avia_shortcodes/tinymce/img/index38f9.html]
[imperiaskygardennminhkhai.vn/wp-content/themes/enfold/framework/php/avia_shortcodes/tinymce/img/index0389.html]
[imperiaskygardennminhkhai.vn/wp-content/themes/enfold/framework/php/avia_shortcodes/tinymce/js/index9a11.html]
[imperiaskygardennminhkhai.vn/wp-content/themes/enfold/framework/php/avia_shortcodes/tinymce/js/index2a60.html]
[imperiaskygardennminhkhai.vn/wp-content/themes/enfold/framework/php/avia_shortcodes/tinymce/js/index3dd6.html]
[imperiaskygardennminhkhai.vn/wp-content/themes/enfold/framework/php/avia_shortcodes/tinymce/img/index350b.html]
[imperiaskygardennminhkhai.vn/wp-content/themes/enfold/framework/php/avia_shortcodes/tinymce/js/indexd4cd.html]
[imperiaskygardennminhkhai.vn/wp-content/themes/enfold/framework/php/avia_shortcodes/tinymce/js/index7dc1.html]
[imperiaskygardennminhkhai.vn/wp-content/themes/enfold/framework/php/avia_shortcodes/tinymce/js/index38f9.html]
[imperiaskygardennminhkhai.vn/wp-content/themes/enfold/framework/php/avia_shortcodes/tinymce/js/index0389.html]
[imperiaskygardennminhkhai.vn/wp-content/themes/enfold/framework/php/wordpress-importer/avia-import-class.html]
[imperiaskygardennminhkhai.vn/wp-content/themes/enfold/framework/php/avia_shortcodes/tinymce/img/indexd4cd.html]
[imperiaskygardennminhkhai.vn/wp-content/themes/enfold/framework/php/avia_shortcodes/tinymce/img/index7dc1.html]
[imperiaskygardennminhkhai.vn/wp-content/themes/enfold/framework/php/avia_shortcodes/tinymce/img/index38f9.html]
[imperiaskygardennminhkhai.vn/wp-content/themes/enfold/framework/php/avia_shortcodes/tinymce/img/index350b.html]
[imperiaskygardennminhkhai.vn/wp-content/themes/enfold/framework/php/avia_shortcodes/tinymce/js/indexd4cd.html]
[imperiaskygardennminhkhai.vn/wp-content/themes/enfold/framework/php/avia_shortcodes/tinymce/js/index7dc1.html]
[imperiaskygardennminhkhai.vn/wp-content/themes/enfold/framework/php/avia_shortcodes/tinymce/js/index38f9.html]
[imperiaskygardennminhkhai.vn/wp-content/themes/enfold/framework/php/avia_shortcodes/tinymce/js/index350b.html]
[imperiaskygardennminhkhai.vn/wp-content/themes/enfold/framework/php/avia_shortcodes/tinymce/js/index350b.html]
